APPG	AP
AT	AT
AT1	AT
BTO	BT
CC	CC
CCB	CC
CS	CS
CSA	CS
CSN	CS
CST	CS
CSW	CS
DA	DA
DA1	DA
DA2	DA
DA2R	DA
DAR	DA
DAT	DA
DB	DB
DB2	DB
DD	DD
DD1	DD
DD2	DD
DDQ	DD
DDQG	DD
DDQV	DD
EX	EX
FA	FA
FB	FB
FO	FO
FW	FW
GG	GG
ICS	IC
IF	IF
II	II
IO	IO
IW	IW
JA	JA
JB	JB
JBR	JB
JBT	JB
JJ	JJ
JJR	JJ
JJT	JJ
LE	LE
MC	MC
MC1	MC
MC2	MC
MD	MD
MF	MF
ND1	ND
NN	NN
NN1	NN
NN2	NN
NNJ	NN
NNJ1	NN
NNJ2	NN
NNL	NN
NNL1	NN
NNL2	NN
NNO	NN
NNS	NN
NNS1	NN
NNS2	NN
NNSA	NN
NNSS	NN
NNT1	NN
NNT2	NN
NNU	NN
NNU1	NN
NNU2	NN
NP1	NP
NP2	NP
NPD1	NP
NPD2	NP
NPM	NP
NPM1	NP
PN	PN
PN1	PN
PNQO	PN
PNQS	PN
PNQVS	PN
PPG	PP
PPH1	PP
PPHO1	PP
PPHO2	PP
PPHS1	PP
PPHS2	PP
PPIO1	PP
PPIO2	PP
PPIS1	PP
PPIS2	PP
PPX1	PP
PPX2	PP
PPY	PP
RA	RA
REX	RE
RG	RG
RGA	RG
RGQ	RG
RGQV	RG
RL	RL
RP	RP
RPK	RP
RR	RR
RRQ	RR
RRQV	RR
RRR	RR
RRT	RR
RT	RT
TO	TO
UH	UH
VB0	VB
VBDR	VB
VBDZ	VB
VBG	VB
VBM	VB
VBN	VB
VBR	VB
VBZ	VB
VD0	VD
VDD	VD
VDG	VD
VDN	VD
VDZ	VD
VH0	VH
VHD	VH
VHG	VH
VHN	VH
VHZ	VH
VM	VM
VMK	VM
VV0	VV
VVD	VV
VVG	VV
VVGK	VV
VVN	VV
VVZ	VV
XX	XX
YB	YB
YBL	YB
YBR	YB
YC	YC
YD	YD
YE	YE
YF	YF
YG	YG
YH	YH
YIL	YI
YIR	YI
YN	YN
YO	YO
YPL	YP
YPR	YP
YQ	YQ
YS	YS
YTL	YT
YTR	YT
YX	YX
ZZ1	ZZ
